// Jest Snapshot v1, https://goo.gl/fbAQLP

exports[`Should render the header 1`] = `
<header
  className="header"
>
  <div
    className="content_container"
  >
    <div
      className="header_content"
    >
      <Link
        className="header_title "
        to="/dashboard"
      >
        <h1>
          FitBud
        </h1>
      </Link>
      <Link
        className="header_title "
        to="/create"
      >
        <h1>
          Add food!
        </h1>
      </Link>
      <Link
        className="header_title "
        to="/help"
      >
        <h1>
          Help Page
        </h1>
      </Link>
      <button
        className="addLoginButton"
        onClick={[Function]}
      >
        Logout
      </button>
    </div>
  </div>
</header>
`;
